
Running 2 tests using 2 workers

[1A[2K[1/2] [chromium] ??? tests\home.spec.ts:5:9 ??? Homepage ??? should display premium banner and navigation
[1A[2K[2/2] [chromium] ??? tests\home.spec.ts:19:9 ??? Homepage ??? should display product categories or empty state
[1A[2K  1) [chromium] ??? tests\home.spec.ts:5:9 ??? Homepage ??? should display premium banner and navigation ???

    Error: [2mexpect([22m[31mlocator[39m[2m).[22mtoBeVisible[2m([22m[2m)[22m failed

    Locator: getByText('Shubh Lakshmi')
    Expected: visible
    Error: strict mode violation: getByText('Shubh Lakshmi') resolved to 2 elements:
        1) <span class="hidden lg:block text-xl font-bold bg-clip-text text-transparent bg-gradient-to-r from-emerald-700 to-emerald-500 font-heading tracking-tight">Shubh Lakshmi</span> aka getByRole('link', { name: 'Shubh Lakshmi Kirana Mart' })
        2) <h2 class="text-2xl font-bold">Shubh Lakshmi Kirana Mart</h2> aka getByRole('heading', { name: 'Shubh Lakshmi Kirana Mart' })

    Call log:
    [2m  - Expect "toBeVisible" with timeout 5000ms[22m
    [2m  - waiting for getByText('Shubh Lakshmi')[22m


       7 |
       8 |         // Check title or logo text
    >  9 |         await expect(page.getByText('Shubh Lakshmi')).toBeVisible();
         |                                                       ^
      10 |
      11 |         // Check Hero Banner
      12 |         await expect(page.getByText('Premium Grocery Delivery')).toBeVisible();
        at C:\Users\bhart\.gemini\antigravity\scratch\kirana-mart\tests\home.spec.ts:9:55

    Error Context: test-results\home-Homepage-should-display-premium-banner-and-navigation-chromium\error-context.md


[1A[2K  1 failed
    [chromium] ??? tests\home.spec.ts:5:9 ??? Homepage ??? should display premium banner and navigation ??????
  1 passed (11.0s)
